<html>
<body>
<pre>
<h1>µVision Build Log</h1>
<h2>Tool Versions:</h2>
IDE-Version: ¦ÌVision V5.24.2.0
Copyright (C) 2017 ARM Ltd and ARM Germany GmbH. All rights reserved.
License Information: Praymerry Lenovo, eason, LIC=CZLZX-HT466-DYQV3-A9315-VSY4R-8PYX1
 
Tool Versions:
Toolchain:       MDK-ARM Plus  Version: 5.24.1
Toolchain Path:  D:\Keil\ARM Start\ARM\ARMCC\Bin
C Compiler:      Armcc.exe V5.06 update 5 (build 528)
Assembler:       Armasm.exe V5.06 update 5 (build 528)
Linker/Locator:  ArmLink.exe V5.06 update 5 (build 528)
Library Manager: ArmAr.exe V5.06 update 5 (build 528)
Hex Converter:   FromElf.exe V5.06 update 5 (build 528)
CPU DLL:         SARMCM3.DLL V5.24.1
Dialog DLL:      DCM.DLL V1.16.0.0
Target DLL:      STLink\ST-LINKIII-KEIL_SWO.dll V3.0.1.0
Dialog DLL:      TCM.DLL V1.32.0.0
 
<h2>Project:</h2>
D:\2024710Embeded Learn\My FreeRtos\F1-MQTT-LVGL-Intelligent-House\MDK-ARM\F1 FSMC LVGL.uvprojx
Project File Date:  09/05/2024

<h2>Output:</h2>
*** Using Compiler 'V5.06 update 5 (build 528)', folder: 'D:\Keil\ARM Start\ARM\ARMCC\Bin'
Build target 'F1 FSMC LVGL'
compiling tim.c...
compiling GUI.c...
compiling touch.c...
compiling IH_MqttTask.c...
compiling ATcommand.c...
compiling Dth11.c...
compiling IH_LvglHandler.c...
compiling freertos.c...
compiling main.c...
compiling IH_Task_Init.c...
compiling IH_Hardware_Init.c...
compiling IH_DataManage.c...
compiling lv_disp.c...
compiling lv_event.c...
..\LVGL\src\core\lv_event.c(117): warning:  #188-D: enumerated type mixed with another type
      return e->code & ~LV_EVENT_PREPROCESS;
..\LVGL\src\core\lv_event.c: 1 warning, 0 errors
compiling lv_group.c...
compiling lv_obj_class.c...
compiling lv_indev.c...
compiling lv_indev_scroll.c...
compiling lv_obj_draw.c...
..\LVGL\src\core\lv_obj_draw.c(392): warning:  #188-D: enumerated type mixed with another type
      if(obj->spec_attr) return obj->spec_attr->layer_type;
..\LVGL\src\core\lv_obj_draw.c: 1 warning, 0 errors
compiling lv_obj_scroll.c...
compiling lv_obj_style_gen.c...
compiling lv_obj_pos.c...
compiling lv_obj.c...
compiling lv_obj_style.c...
compiling lv_obj_tree.c...
compiling lv_draw_sdl.c...
compiling lv_draw_sdl_arc.c...
compiling lv_draw_sdl_bg.c...
compiling lv_draw_sdl_img.c...
compiling lv_draw_sdl_composite.c...
compiling lv_draw_sdl_label.c...
compiling lv_gpu_arm2d.c...
compiling lv_draw_sdl_layer.c...
compiling lv_theme.c...
compiling lv_draw_sdl_line.c...
compiling lv_refr.c...
compiling lv_draw_sdl_mask.c...
compiling lv_draw_sdl_polygon.c...
compiling lv_draw_sdl_rect.c...
compiling lv_draw_sdl_stack_blur.c...
compiling lv_draw_sdl_texture_cache.c...
compiling lv_draw_sdl_utils.c...
compiling lv_draw_sw_dither.c...
compiling Lcd.c...
compiling lv_draw_sw.c...
compiling lv_gpu_stm32_dma2d.c...
compiling lv_draw_sw_arc.c...
compiling lv_draw_sw_gradient.c...
compiling lv_draw_sw_layer.c...
compiling lv_draw_sw_letter.c...
compiling lv_draw_sw_img.c...
compiling lv_draw_sw_blend.c...
compiling lv_draw_sw_polygon.c...
compiling lv_draw_sw_line.c...
compiling Lightsensor.c...
compiling MQ2.c...
compiling lv_draw_arc.c...
compiling lv_draw.c...
compiling lv_draw_sw_transform.c...
compiling lv_draw_sw_rect.c...
..\LVGL\src\draw\sw\lv_draw_sw_rect.c(234): warning:  #546-D: transfer of control bypasses initialization of:
            variable "mask_any_center"  (declared at line 280)
          goto bg_clean_up;
          ^
..\LVGL\src\draw\sw\lv_draw_sw_rect.c: 1 warning, 0 errors
compiling lv_draw_rect.c...
compiling lv_draw_img.c...
compiling lv_draw_transform.c...
compiling lv_draw_triangle.c...
compiling lv_draw_layer.c...
compiling lv_draw_line.c...
compiling lv_img_cache.c...
compiling lv_draw_label.c...
compiling lv_img_buf.c...
compiling lv_font.c...
compiling lv_img_decoder.c...
compiling lv_draw_mask.c...
compiling lv_font_fmt_txt.c...
..\LVGL\src\font\lv_font_fmt_txt.c(137): warning:  #111-D: statement is unreachable
      return NULL;
..\LVGL\src\font\lv_font_fmt_txt.c: 1 warning, 0 errors
compiling lv_font_dejavu_16_persian_hebrew.c...
compiling lv_font_montserrat_8.c...
compiling lv_font_loader.c...
compiling lv_font_montserrat_10.c...
compiling lv_font_montserrat_12_subpx.c...
compiling lv_font_montserrat_12.c...
compiling lv_font_montserrat_14.c...
compiling lv_font_montserrat_16.c...
compiling lv_font_montserrat_18.c...
compiling lv_font_montserrat_20.c...
compiling lv_font_montserrat_22.c...
compiling lv_font_montserrat_24.c...
compiling lv_font_montserrat_26.c...
compiling lv_font_montserrat_28.c...
compiling lv_font_montserrat_28_compressed.c...
compiling lv_font_montserrat_30.c...
compiling lv_font_montserrat_32.c...
compiling lv_font_montserrat_34.c...
compiling lv_font_montserrat_36.c...
compiling lv_font_montserrat_38.c...
compiling lv_font_montserrat_40.c...
compiling lv_font_montserrat_42.c...
compiling lv_font_montserrat_44.c...
compiling lv_font_montserrat_46.c...
compiling lv_font_montserrat_48.c...
compiling lv_hal_tick.c...
compiling lv_hal_indev.c...
compiling lv_async.c...
compiling lv_anim_timeline.c...
compiling lv_bidi.c...
compiling lv_font_simsun_16_cjk.c...
compiling lv_hal_disp.c...
..\LVGL\src\hal\lv_hal_disp.c(582): warning:  #188-D: enumerated type mixed with another type
      return disp->driver->rotated;
..\LVGL\src\hal\lv_hal_disp.c: 1 warning, 0 errors
compiling lv_area.c...
compiling lv_font_unscii_8.c...
compiling lv_font_unscii_16.c...
compiling lv_anim.c...
compiling lv_color.c...
compiling lv_fs.c...
compiling lv_ll.c...
compiling lv_gc.c...
compiling lv_log.c...
compiling lv_math.c...
compiling lv_lru.c...
..\LVGL\src\misc\lv_lru.c(238): warning:  #68-D: integer conversion resulted in a change of sign
      uint32_t i = 0, min_index = -1;
..\LVGL\src\misc\lv_lru.c(239): warning:  #68-D: integer conversion resulted in a change of sign
      uint64_t min_access_count = -1;
..\LVGL\src\misc\lv_lru.c: 2 warnings, 0 errors
compiling lv_printf.c...
compiling lv_mem.c...
..\LVGL\src\misc\lv_mem.c(324): warning:  #111-D: statement is unreachable
      return NULL;
..\LVGL\src\misc\lv_mem.c: 1 warning, 0 errors
compiling lv_style_gen.c...
compiling lv_timer.c...
compiling lv_style.c...
..\LVGL\src\misc\lv_style.c(214): warning:  #188-D: enumerated type mixed with another type
      return last_custom_prop_id;
..\LVGL\src\misc\lv_style.c(219): warning:  #188-D: enumerated type mixed with another type
      return last_custom_prop_id - _LV_STYLE_LAST_BUILT_IN_PROP;
..\LVGL\src\misc\lv_style.c(290): warning:  #188-D: enumerated type mixed with another type
      lv_style_set_prop_internal(style, prop | meta, null_style_value, lv_style_set_prop_meta_helper);
..\LVGL\src\misc\lv_style.c: 3 warnings, 0 errors
compiling lv_txt.c...
compiling lv_tlsf.c...
..\LVGL\src\misc\lv_tlsf.c(897): warning:  #68-D: integer conversion resulted in a change of sign
          offset_to_block(pool, -(int)block_header_overhead);
..\LVGL\src\misc\lv_tlsf.c(999): warning:  #68-D: integer conversion resulted in a change of sign
      block = offset_to_block(mem, -(tlsfptr_t)block_header_overhead);
..\LVGL\src\misc\lv_tlsf.c(1017): warning:  #68-D: integer conversion resulted in a change of sign
      block_header_t * block = offset_to_block(pool, -(int)block_header_overhead);
..\LVGL\src\misc\lv_tlsf.c: 3 warnings, 0 errors
compiling lv_txt_ap.c...
compiling lv_btn.c...
compiling lv_bar.c...
compiling lv_arc.c...
compiling lv_checkbox.c...
compiling lv_canvas.c...
compiling lv_btnmatrix.c...
compiling lv_line.c...
compiling lv_img.c...
compiling lv_dropdown.c...
compiling lv_switch.c...
compiling lv_roller.c...
compiling lv_slider.c...
compiling lv_label.c...
compiling lv_textarea.c...
compiling lv_table.c...
compiling lv_flex.c...
compiling lv_grid.c...
..\LVGL\src\extra\layouts\grid\lv_grid.c(583): warning:  #188-D: enumerated type mixed with another type
      lv_grid_align_t col_align = get_cell_col_align(item);
..\LVGL\src\extra\layouts\grid\lv_grid.c(584): warning:  #188-D: enumerated type mixed with another type
      lv_grid_align_t row_align = get_cell_row_align(item);
..\LVGL\src\extra\layouts\grid\lv_grid.c: 2 warnings, 0 errors
compiling lv_theme_basic.c...
compiling lv_calendar_header_arrow.c...
compiling lv_calendar_header_dropdown.c...
compiling lv_animimg.c...
compiling lv_theme_mono.c...
compiling lv_keyboard.c...
compiling lv_list.c...
compiling lv_calendar.c...
compiling lv_theme_default.c...
..\LVGL\src\extra\themes\default\lv_theme_default.c(211): warning:  #188-D: enumerated type mixed with another type
..\LVGL\src\extra\themes\default\lv_theme_default.c: 1 warning, 0 errors
compiling lv_imgbtn.c...
compiling lv_menu.c...
compiling lv_led.c...
compiling lv_colorwheel.c...
compiling lv_chart.c...
compiling lv_meter.c...
compiling lv_msgbox.c...
compiling lv_tileview.c...
compiling lv_spinbox.c...
compiling lv_span.c...
..\LVGL\src\extra\widgets\span\lv_span.c(901): warning:  #546-D: transfer of control bypasses initialization of:
            variable "align"  (declared at line 905)
              goto Next_line_init;
              ^
..\LVGL\src\extra\widgets\span\lv_span.c: 1 warning, 0 errors
compiling lv_spinner.c...
compiling lv_tabview.c...
compiling lv_win.c...
compiling lv_extra.c...
compiling ui_font_Number.c...
compiling ui_img_co2_png.c...
compiling ui_img_cloud_png.c...
compiling ui_img_dark_png.c...
compiling ui_img_icn_control_png.c...
compiling ui_img_icn_home_png.c...
compiling ui_img_iu1_png.c...
compiling ui_img_iu2_png.c...
compiling ui_img_weather_1_png.c...
compiling ui_img_time_png.c...
compiling ui_temporary_image.c...
compiling ui_Control.c...
compiling ui_Menu.c...
compiling ui.c...
compiling ui_helpers.c...
..\LVGL\APP\UI_APP\ui_helpers.c(77): warning:  #188-D: enumerated type mixed with another type
      lv_bar_set_value(target, old + val, anm);
..\LVGL\APP\UI_APP\ui_helpers.c(83): warning:  #188-D: enumerated type mixed with another type
      lv_slider_set_value(target, old + val, anm);
..\LVGL\APP\UI_APP\ui_helpers.c: 2 warnings, 0 errors
compiling lv_port_indev.c...
compiling lv_port_disp.c...
compiling ui_events.c...
linking...
Program Size: Code=206672 RO-data=173928 RW-data=1684 ZI-data=57724  
FromELF: creating hex file...
"F1 FSMC LVGL\F1 FSMC LVGL.axf" - 0 Error(s), 20 Warning(s).

<h2>Software Packages used:</h2>

Package Vendor: ARM
                http://www.keil.com/pack/ARM.CMSIS.5.0.1.pack
                ARM.CMSIS.5.0.1
                CMSIS (Cortex Microcontroller Software Interface Standard)
   * Component: CORE Version: 5.0.1

Package Vendor: Keil
                http://www.keil.com/pack/Keil.STM32F1xx_DFP.2.2.0.pack
                Keil.STM32F1xx_DFP.2.2.0
                STMicroelectronics STM32F1 Series Device Support, Drivers and Examples

<h2>Collection of Component include folders:</h2>
  .\RTE\_F1_FSMC_LVGL
  D:\Keil\ARM Start\ARM\PACK\ARM\CMSIS\5.0.1\CMSIS\Include
  D:\Keil\ARM Start\ARM\PACK\Keil\STM32F1xx_DFP\2.2.0\Device\Include

<h2>Collection of Component Files used:</h2>

   * Component: ARM::CMSIS:CORE:5.0.1
Build Time Elapsed:  00:00:22
</pre>
</body>
</html>
