<html>
<body>
<pre>
<h1>µVision Build Log</h1>
<h2>Tool Versions:</h2>
IDE-Version: ¦ÌVision V5.24.2.0
Copyright (C) 2017 ARM Ltd and ARM Germany GmbH. All rights reserved.
License Information: Praymerry Lenovo, eason, LIC=CZLZX-HT466-DYQV3-A9315-VSY4R-8PYX1
 
Tool Versions:
Toolchain:       MDK-ARM Plus  Version: 5.24.1
Toolchain Path:  D:\Keil\ARM Start\ARM\ARMCC\Bin
C Compiler:      Armcc.exe V5.06 update 5 (build 528)
Assembler:       Armasm.exe V5.06 update 5 (build 528)
Linker/Locator:  ArmLink.exe V5.06 update 5 (build 528)
Library Manager: ArmAr.exe V5.06 update 5 (build 528)
Hex Converter:   FromElf.exe V5.06 update 5 (build 528)
CPU DLL:         SARMCM3.DLL V5.24.1
Dialog DLL:      DCM.DLL V1.16.0.0
Target DLL:      STLink\ST-LINKIII-KEIL_SWO.dll V3.0.1.0
Dialog DLL:      TCM.DLL V1.32.0.0
 
<h2>Project:</h2>
D:\2024710Embeded Learn\My FreeRtos\F1-MQTT-LVGL-Intelligent-House\MDK-ARM\F1 FSMC LVGL.uvprojx
Project File Date:  09/01/2024

<h2>Output:</h2>
*** Using Compiler 'V5.06 update 5 (build 528)', folder: 'D:\Keil\ARM Start\ARM\ARMCC\Bin'
Build target 'F1 FSMC LVGL'
compiling MQTT_Task.c...
"no source": Error:  #5: cannot open source input file "..\MainTask\MQTT_Task.c": No such file or directory
..\MainTask\MQTT_Task.c: 0 warnings, 1 error
compiling main.c...
compiling tim.c...
compiling usart.c...
compiling adc.c...
compiling freertos.c...
../Core/Src/freertos.c(90): warning:  #181-D: argument is incompatible with corresponding format string conversion
    printf("Task :%s is overflow\r\n", *pcTaskName);
../Core/Src/freertos.c: 1 warning, 0 errors
compiling i2c.c...
compiling rtc.c...
compiling gpio.c...
compiling stm32f1xx_hal_msp.c...
compiling myiic.c...
compiling stm32f1xx_it.c...
compiling fsmc.c...
compiling Uart_Redefine.c...
compiling ui_events.c...
compiling lv_port_disp.c...
compiling lv_port_indev.c...
..\LVGL\examples\porting\lv_port_indev.c(117): warning:  #177-D: function "touchpad_is_pressed"  was declared but never referenced
  static bool touchpad_is_pressed(void)
..\LVGL\examples\porting\lv_port_indev.c(127): warning:  #177-D: function "touchpad_get_xy"  was declared but never referenced
  static void touchpad_get_xy(lv_coord_t *x, lv_coord_t *y)
..\LVGL\examples\porting\lv_port_indev.c: 2 warnings, 0 errors
compiling 24cxx.c...
compiling Lightsensor.c...
compiling Lcd.c...
compiling Dth11.c...
compiling GUI.c...
compiling touch.c...
linking...
Program Size: Code=197908 RO-data=79968 RW-data=968 ZI-data=59856  
FromELF: creating hex file...
"F1 FSMC LVGL\F1 FSMC LVGL.axf" - 0 Error(s), 3 Warning(s).

<h2>Software Packages used:</h2>

Package Vendor: ARM
                http://www.keil.com/pack/ARM.CMSIS.5.0.1.pack
                ARM.CMSIS.5.0.1
                CMSIS (Cortex Microcontroller Software Interface Standard)
   * Component: CORE Version: 5.0.1

Package Vendor: Keil
                http://www.keil.com/pack/Keil.STM32F1xx_DFP.2.2.0.pack
                Keil.STM32F1xx_DFP.2.2.0
                STMicroelectronics STM32F1 Series Device Support, Drivers and Examples

<h2>Collection of Component include folders:</h2>
  .\RTE\_F1_FSMC_LVGL
  D:\Keil\ARM Start\ARM\PACK\ARM\CMSIS\5.0.1\CMSIS\Include
  D:\Keil\ARM Start\ARM\PACK\Keil\STM32F1xx_DFP\2.2.0\Device\Include

<h2>Collection of Component Files used:</h2>

   * Component: ARM::CMSIS:CORE:5.0.1
Build Time Elapsed:  00:00:20
</pre>
</body>
</html>
